// Jest Snapshot v1, https://goo.gl/fbAQLP

exports[`ConfigParser Can parse 1`] = `
{
  "color_scheme": 0,
  "config": {
    "displaylogo": false,
    "modeBarButtonsToRemove": [
      "resetScale2d",
      "toImage",
      "lasso2d",
      "select2d",
    ],
    "scrollZoom": true,
  },
  "disable_pinch_to_zoom": "from offset",
  "entities": [
    {
      "attribute": "temperature",
      "entity": "sensor.temperature",
      "filters": [
        {
          "add": 5,
        },
      ],
      "hovertemplate": "<b>%{customdata.name}</b><br><i>%{x}</i><br>%{y}%{customdata.unit_of_measurement}<extra></extra>",
      "internal": [
        1,
        0,
        1,
        0,
      ],
      "line": {
        "color": "#7fc97f",
        "shape": "hv",
        "width": 1,
      },
      "mode": "lines",
      "offset": "5s",
      "show_value": true,
      "text": [
        "y=\${y}",
        "y=\${y}",
        "y=\${y}",
        "y=\${y}",
      ],
      "unit_of_measurement": "W",
      "x": [
        1,
        2,
        3,
        4,
      ],
      "y": [
        21,
        22,
        23,
        24,
      ],
    },
  ],
  "hours_to_show": 5,
  "layout": {
    "dragmode": "pan",
    "font": {
      "color": "--secondary-text-color",
      "size": 11,
    },
    "height": 285,
    "legend": {
      "bgcolor": "transparent",
      "orientation": "h",
      "traceorder": "normal",
      "x": 0,
      "y": 1,
      "yanchor": "bottom",
    },
    "margin": {
      "b": 50,
      "l": 60,
      "r": 60,
      "t": 0,
    },
    "modebar": {
      "orientation": "v",
    },
    "paper_bgcolor": "--card-background-color",
    "plot_bgcolor": "--card-background-color",
    "title": {
      "pad": {
        "t": 15,
      },
      "y": 1,
    },
    "xaxis": {
      "autorange": false,
      "gridcolor": "rgba(127,127,127,.3)",
      "linecolor": "rgba(127,127,127,.3)",
      "tickcolor": "rgba(127,127,127,.3)",
      "type": "date",
      "zerolinecolor": "rgba(127,127,127,.3)",
    },
    "yaxis": {
      "autorange": true,
      "fixedrange": false,
      "gridcolor": "rgba(127,127,127,.3)",
      "linecolor": "rgba(127,127,127,.3)",
      "tickcolor": "rgba(127,127,127,.3)",
      "zerolinecolor": "rgba(127,127,127,.3)",
    },
    "yaxis10": {
      "autorange": true,
      "fixedrange": false,
      "gridcolor": "rgba(127,127,127,.3)",
      "layer": "below traces",
      "linecolor": "rgba(127,127,127,.3)",
      "overlaying": "y",
      "showgrid": false,
      "side": "right",
      "tickcolor": "rgba(127,127,127,.3)",
      "visible": false,
      "zerolinecolor": "rgba(127,127,127,.3)",
    },
    "yaxis11": {
      "autorange": true,
      "fixedrange": false,
      "gridcolor": "rgba(127,127,127,.3)",
      "layer": "below traces",
      "linecolor": "rgba(127,127,127,.3)",
      "overlaying": "y",
      "showgrid": false,
      "side": "right",
      "tickcolor": "rgba(127,127,127,.3)",
      "visible": false,
      "zerolinecolor": "rgba(127,127,127,.3)",
    },
    "yaxis12": {
      "autorange": true,
      "fixedrange": false,
      "gridcolor": "rgba(127,127,127,.3)",
      "layer": "below traces",
      "linecolor": "rgba(127,127,127,.3)",
      "overlaying": "y",
      "showgrid": false,
      "side": "right",
      "tickcolor": "rgba(127,127,127,.3)",
      "visible": false,
      "zerolinecolor": "rgba(127,127,127,.3)",
    },
    "yaxis13": {
      "autorange": true,
      "fixedrange": false,
      "gridcolor": "rgba(127,127,127,.3)",
      "layer": "below traces",
      "linecolor": "rgba(127,127,127,.3)",
      "overlaying": "y",
      "showgrid": false,
      "side": "right",
      "tickcolor": "rgba(127,127,127,.3)",
      "visible": false,
      "zerolinecolor": "rgba(127,127,127,.3)",
    },
    "yaxis14": {
      "autorange": true,
      "fixedrange": false,
      "gridcolor": "rgba(127,127,127,.3)",
      "layer": "below traces",
      "linecolor": "rgba(127,127,127,.3)",
      "overlaying": "y",
      "showgrid": false,
      "side": "right",
      "tickcolor": "rgba(127,127,127,.3)",
      "visible": false,
      "zerolinecolor": "rgba(127,127,127,.3)",
    },
    "yaxis15": {
      "autorange": true,
      "fixedrange": false,
      "gridcolor": "rgba(127,127,127,.3)",
      "layer": "below traces",
      "linecolor": "rgba(127,127,127,.3)",
      "overlaying": "y",
      "showgrid": false,
      "side": "right",
      "tickcolor": "rgba(127,127,127,.3)",
      "visible": false,
      "zerolinecolor": "rgba(127,127,127,.3)",
    },
    "yaxis16": {
      "autorange": true,
      "fixedrange": false,
      "gridcolor": "rgba(127,127,127,.3)",
      "layer": "below traces",
      "linecolor": "rgba(127,127,127,.3)",
      "overlaying": "y",
      "showgrid": false,
      "side": "right",
      "tickcolor": "rgba(127,127,127,.3)",
      "visible": false,
      "zerolinecolor": "rgba(127,127,127,.3)",
    },
    "yaxis17": {
      "autorange": true,
      "fixedrange": false,
      "gridcolor": "rgba(127,127,127,.3)",
      "layer": "below traces",
      "linecolor": "rgba(127,127,127,.3)",
      "overlaying": "y",
      "showgrid": false,
      "side": "right",
      "tickcolor": "rgba(127,127,127,.3)",
      "visible": false,
      "zerolinecolor": "rgba(127,127,127,.3)",
    },
    "yaxis18": {
      "autorange": true,
      "fixedrange": false,
      "gridcolor": "rgba(127,127,127,.3)",
      "layer": "below traces",
      "linecolor": "rgba(127,127,127,.3)",
      "overlaying": "y",
      "showgrid": false,
      "side": "right",
      "tickcolor": "rgba(127,127,127,.3)",
      "visible": false,
      "zerolinecolor": "rgba(127,127,127,.3)",
    },
    "yaxis19": {
      "autorange": true,
      "fixedrange": false,
      "gridcolor": "rgba(127,127,127,.3)",
      "layer": "below traces",
      "linecolor": "rgba(127,127,127,.3)",
      "overlaying": "y",
      "showgrid": false,
      "side": "right",
      "tickcolor": "rgba(127,127,127,.3)",
      "visible": false,
      "zerolinecolor": "rgba(127,127,127,.3)",
    },
    "yaxis2": {
      "autorange": true,
      "fixedrange": false,
      "gridcolor": "rgba(127,127,127,.3)",
      "layer": "below traces",
      "linecolor": "rgba(127,127,127,.3)",
      "overlaying": "y",
      "showgrid": false,
      "side": "right",
      "tickcolor": "rgba(127,127,127,.3)",
      "visible": true,
      "zerolinecolor": "rgba(127,127,127,.3)",
    },
    "yaxis20": {
      "autorange": true,
      "fixedrange": false,
      "gridcolor": "rgba(127,127,127,.3)",
      "layer": "below traces",
      "linecolor": "rgba(127,127,127,.3)",
      "overlaying": "y",
      "showgrid": false,
      "side": "right",
      "tickcolor": "rgba(127,127,127,.3)",
      "visible": false,
      "zerolinecolor": "rgba(127,127,127,.3)",
    },
    "yaxis21": {
      "autorange": true,
      "fixedrange": false,
      "gridcolor": "rgba(127,127,127,.3)",
      "layer": "below traces",
      "linecolor": "rgba(127,127,127,.3)",
      "overlaying": "y",
      "showgrid": false,
      "side": "right",
      "tickcolor": "rgba(127,127,127,.3)",
      "visible": false,
      "zerolinecolor": "rgba(127,127,127,.3)",
    },
    "yaxis22": {
      "autorange": true,
      "fixedrange": false,
      "gridcolor": "rgba(127,127,127,.3)",
      "layer": "below traces",
      "linecolor": "rgba(127,127,127,.3)",
      "overlaying": "y",
      "showgrid": false,
      "side": "right",
      "tickcolor": "rgba(127,127,127,.3)",
      "visible": false,
      "zerolinecolor": "rgba(127,127,127,.3)",
    },
    "yaxis23": {
      "autorange": true,
      "fixedrange": false,
      "gridcolor": "rgba(127,127,127,.3)",
      "layer": "below traces",
      "linecolor": "rgba(127,127,127,.3)",
      "overlaying": "y",
      "showgrid": false,
      "side": "right",
      "tickcolor": "rgba(127,127,127,.3)",
      "visible": false,
      "zerolinecolor": "rgba(127,127,127,.3)",
    },
    "yaxis24": {
      "autorange": true,
      "fixedrange": false,
      "gridcolor": "rgba(127,127,127,.3)",
      "layer": "below traces",
      "linecolor": "rgba(127,127,127,.3)",
      "overlaying": "y",
      "showgrid": false,
      "side": "right",
      "tickcolor": "rgba(127,127,127,.3)",
      "visible": false,
      "zerolinecolor": "rgba(127,127,127,.3)",
    },
    "yaxis25": {
      "autorange": true,
      "fixedrange": false,
      "gridcolor": "rgba(127,127,127,.3)",
      "layer": "below traces",
      "linecolor": "rgba(127,127,127,.3)",
      "overlaying": "y",
      "showgrid": false,
      "side": "right",
      "tickcolor": "rgba(127,127,127,.3)",
      "visible": false,
      "zerolinecolor": "rgba(127,127,127,.3)",
    },
    "yaxis26": {
      "autorange": true,
      "fixedrange": false,
      "gridcolor": "rgba(127,127,127,.3)",
      "layer": "below traces",
      "linecolor": "rgba(127,127,127,.3)",
      "overlaying": "y",
      "showgrid": false,
      "side": "right",
      "tickcolor": "rgba(127,127,127,.3)",
      "visible": false,
      "zerolinecolor": "rgba(127,127,127,.3)",
    },
    "yaxis27": {
      "autorange": true,
      "fixedrange": false,
      "gridcolor": "rgba(127,127,127,.3)",
      "layer": "below traces",
      "linecolor": "rgba(127,127,127,.3)",
      "overlaying": "y",
      "showgrid": false,
      "side": "right",
      "tickcolor": "rgba(127,127,127,.3)",
      "visible": false,
      "zerolinecolor": "rgba(127,127,127,.3)",
    },
    "yaxis28": {
      "autorange": true,
      "fixedrange": false,
      "gridcolor": "rgba(127,127,127,.3)",
      "layer": "below traces",
      "linecolor": "rgba(127,127,127,.3)",
      "overlaying": "y",
      "showgrid": false,
      "side": "right",
      "tickcolor": "rgba(127,127,127,.3)",
      "visible": false,
      "zerolinecolor": "rgba(127,127,127,.3)",
    },
    "yaxis29": {
      "autorange": true,
      "fixedrange": false,
      "gridcolor": "rgba(127,127,127,.3)",
      "layer": "below traces",
      "linecolor": "rgba(127,127,127,.3)",
      "overlaying": "y",
      "showgrid": false,
      "side": "right",
      "tickcolor": "rgba(127,127,127,.3)",
      "visible": false,
      "zerolinecolor": "rgba(127,127,127,.3)",
    },
    "yaxis3": {
      "autorange": true,
      "fixedrange": false,
      "gridcolor": "rgba(127,127,127,.3)",
      "layer": "below traces",
      "linecolor": "rgba(127,127,127,.3)",
      "overlaying": "y",
      "showgrid": false,
      "side": "right",
      "tickcolor": "rgba(127,127,127,.3)",
      "visible": false,
      "zerolinecolor": "rgba(127,127,127,.3)",
    },
    "yaxis30": {
      "autorange": true,
      "fixedrange": false,
      "gridcolor": "rgba(127,127,127,.3)",
      "layer": "below traces",
      "linecolor": "rgba(127,127,127,.3)",
      "overlaying": "y",
      "showgrid": false,
      "side": "right",
      "tickcolor": "rgba(127,127,127,.3)",
      "visible": false,
      "zerolinecolor": "rgba(127,127,127,.3)",
    },
    "yaxis4": {
      "autorange": true,
      "fixedrange": false,
      "gridcolor": "rgba(127,127,127,.3)",
      "layer": "below traces",
      "linecolor": "rgba(127,127,127,.3)",
      "overlaying": "y",
      "showgrid": false,
      "side": "right",
      "tickcolor": "rgba(127,127,127,.3)",
      "visible": false,
      "zerolinecolor": "rgba(127,127,127,.3)",
    },
    "yaxis5": {
      "autorange": true,
      "fixedrange": false,
      "gridcolor": "rgba(127,127,127,.3)",
      "layer": "below traces",
      "linecolor": "rgba(127,127,127,.3)",
      "overlaying": "y",
      "showgrid": false,
      "side": "right",
      "tickcolor": "rgba(127,127,127,.3)",
      "visible": false,
      "zerolinecolor": "rgba(127,127,127,.3)",
    },
    "yaxis6": {
      "autorange": true,
      "fixedrange": false,
      "gridcolor": "rgba(127,127,127,.3)",
      "layer": "below traces",
      "linecolor": "rgba(127,127,127,.3)",
      "overlaying": "y",
      "showgrid": false,
      "side": "right",
      "tickcolor": "rgba(127,127,127,.3)",
      "visible": false,
      "zerolinecolor": "rgba(127,127,127,.3)",
    },
    "yaxis7": {
      "autorange": true,
      "fixedrange": false,
      "gridcolor": "rgba(127,127,127,.3)",
      "layer": "below traces",
      "linecolor": "rgba(127,127,127,.3)",
      "overlaying": "y",
      "showgrid": false,
      "side": "right",
      "tickcolor": "rgba(127,127,127,.3)",
      "visible": false,
      "zerolinecolor": "rgba(127,127,127,.3)",
    },
    "yaxis8": {
      "autorange": true,
      "fixedrange": false,
      "gridcolor": "rgba(127,127,127,.3)",
      "layer": "below traces",
      "linecolor": "rgba(127,127,127,.3)",
      "overlaying": "y",
      "showgrid": false,
      "side": "right",
      "tickcolor": "rgba(127,127,127,.3)",
      "visible": false,
      "zerolinecolor": "rgba(127,127,127,.3)",
    },
    "yaxis9": {
      "autorange": true,
      "fixedrange": false,
      "gridcolor": "rgba(127,127,127,.3)",
      "layer": "below traces",
      "linecolor": "rgba(127,127,127,.3)",
      "overlaying": "y",
      "showgrid": false,
      "side": "right",
      "tickcolor": "rgba(127,127,127,.3)",
      "visible": false,
      "zerolinecolor": "rgba(127,127,127,.3)",
    },
  },
  "minimal_response": true,
  "no_default_layout": false,
  "no_theme": false,
  "offset": "5s",
  "refresh_interval": "auto",
  "significant_changes_only": false,
  "stuff_coming_from_fetched_data": {
    "a_var": "from offset",
    "ys": [
      21,
      22,
      23,
      24,
    ],
  },
  "title": "from offset",
}
`;
